O B-machinery_type B-machinery_agricultural_process O B-machinery_agricultural_process O
O B-machinery_type B-machinery_agricultural_process O B-machinery_agricultural_process O B-machinery_agricultural_process
O O O B-machinery_shelf_life O B-machinery_type O
O O O O O O B-machinery_type O O B-machinery_general_info B-machinery_shelf_life
O O B-machinery_agricultural_process O B-machinery_general_info
O O B-machinery_maintenance_cost B-machinery_price O O B-machinery_type
O O O B-machinery_maintenance_cost B-machinery_price O B-machinery_type
O O O B-machinery_agricultural_process O B-machinery_agricultural_process
O O O B-machinery_general_info O O B-machinery_type
O B-machinery_subtype O B-machinery_type O B-machinery_general_info
O O B-machinery_price O O O B-machinery_type B-machinery_maintenance_cost
O B-machinery_type O B-machinery_agricultural_process O B-machinery_agricultural_process O
O O O O O O B-machinery_type O O B-machinery_general_info B-machinery_shelf_life
O O O O O
O O B-machinery_maintenance_cost O O
O O O B-machinery_agricultural_process O B-machinery_type
O O O B-machinery_type B-machinery_general_info
O O O O B-machinery_subtype O O B-machinery_type
O O O B-machinery_shelf_life B-machinery_shelf_life O O O
O O O B-machinery_general_info O O B-machinery_type O B-machinery_agricultural_process B-machinery_agricultural_process
O O O O B-machinery_agricultural_process O O B-machinery_agricultural_process B-machinery_subtype
O O O B-machinery_general_info B-machinery_general_info O O O
O B-machinery_type B-machinery_price
O B-machinery_agricultural_process O O O B-machinery_agricultural_process B-machinery_agricultural_process
O O O B-machinery_agricultural_process O B-machinery_agricultural_process
O O O B-machinery_shelf_life B-machinery_shelf_life O O B-machinery_type
O O B-machinery_type B-machinery_general_info
O O B-machinery_type B-machinery_agricultural_process B-machinery_general_info
O O O B-machinery_agricultural_process O B-machinery_type
O O B-machinery_general_info O B-machinery_price O B-machinery_type
O O O B-machinery_price B-machinery_type
O O O O O B-machinery_general_info
O O O O O O O O
O O O O O B-machinery_maintenance_cost
O B-machinery_type O B-machinery_agricultural_process B-machinery_general_info
O B-machinery_general_info O O B-machinery_general_info O B-machinery_type
B-machinery_general_info O O O O
O O O O O O B-machinery_type B-machinery_agricultural_process
O O O B-machinery_agricultural_process O B-machinery_agricultural_process O
O O O B-machinery_subtype O O O
O B-machinery_shelf_life O O B-machinery_type O B-machinery_agricultural_process O O O
O O O O B-machinery_general_info
O O O B-machinery_agricultural_process O O
O O O B-machinery_agricultural_process O O B-machinery_subtype B-machinery_type
O O O B-machinery_subtype O O B-machinery_type
O O O O O B-machinery_agricultural_process
O O O B-machinery_agricultural_process O O O O B-machinery_agricultural_process
O O B-machinery_agricultural_process O B-machinery_type
O O O B-machinery_general_info O O O O
O O O B-machinery_subtype O O B-machinery_type
O O O O
O O O B-machinery_maintenance_cost B-machinery_price O O
B-machinery_general_info O O O
O O O O O
O B-machinery_price O B-machinery_type
O O B-machinery_maintenance_cost O O B-machinery_type
O O O B-machinery_price O B-machinery_type
O O B-machinery_price O O O B-machinery_maintenance_cost O B-machinery_type
O O O O O B-machinery_type
O O O B-machinery_subtype O O O
O O O O B-land_cost B-land_soil_type B-land_soil_type O
O O B-agricultural_process_adv O B-agricultural_process_type O O O
O B-agricultural_process_type O B-agricultural_process_adv O O B-land_soil_type B-land_soil_type
O O B-agricultural_process_type O O O
O B-agricultural_process_type B-land_cost
O O O O B-land_soil_type B-agricultural_process_type
O O B-land_area B-agricultural_process_adv O O O O O B-agricultural_process_adv B-agricultural_process_type
O O O B-agriculture_process_duration O B-agricultural_process_sub_type
O B-land_soil_type B-agricultural_process_type B-land_cost
O O B-agriculture_process_duration O B-agricultural_process_type O
O B-land_soil_type B-agricultural_process_requirement B-agricultural_process_adv O B-agricultural_process_type
O B-agriculture_process_duration O O O B-land_soil_type O B-agriculture_process_duration O
O O B-agricultural_process_type B-agricultural_process_adv
O O O B-land_cost O B-agricultural_process_type
O O O B-agricultural_process_adv B-agricultural_process_type O
O O O O O B-agricultural_process_sub_type B-agricultural_process_type O B-agricultural_process_type
O O O O O B-agricultural_process_type
O O O B-agricultural_process_adv O B-agricultural_process_type
O B-agricultural_process_type O O B-agriculture_process_duration O
O B-land_cost O B-land_soil_type
O O O B-agricultural_process_type O B-agricultural_process_type
O O B-land_soil_type B-land_soil_type
O O O O B-land_cost O B-agricultural_process_type
O B-agriculture_process_duration O B-agricultural_process_type O O
O O O O O B-agriculture_process_duration O B-land_soil_type B-land_soil_type
O O O O B-agricultural_process_adv O B-agricultural_process_type
O O O B-agricultural_process_adv O O B-agricultural_process_type O
O O B-agricultural_process_sub_type B-agricultural_process_type
O O O B-agricultural_process_adv O B-agricultural_process_sub_type O B-land_soil_type B-agricultural_process_type
O O O B-agricultural_process_requirement O B-land_soil_type B-agricultural_process_type
O O O B-agricultural_process_adv O O B-agricultural_process_requirement
O O O O B-land_cost O B-agricultural_process_type O
O O O O B-agricultural_process_type O B-agricultural_process_type O O
O O O B-agricultural_process_adv O O B-agricultural_process_type
O O B-land_cost O B-land_soil_type O O O O O
O O O B-agricultural_process_type O B-agricultural_process_sub_type
O B-agriculture_process_duration O B-agricultural_process_type B-agricultural_process_type O O B-agriculture_process_duration
O B-agriculture_process_duration O O B-agricultural_process_type O
O B-agricultural_process_type O B-land_soil_type O B-agricultural_process_adv O O
O O B-agricultural_process_type O O O O
O O O B-land_cost B-land_soil_type B-land_soil_type
O O B-agricultural_process_adv O B-agricultural_process_requirement O B-agricultural_process_type
O B-agricultural_process_type B-agricultural_process_adv
O O B-agricultural_process_requirement B-agricultural_process_output O B-agricultural_process_type
O O O B-agricultural_process_disadv B-agricultural_process_type
O B-agricultural_process_type B-agricultural_process_requirement B-agricultural_process_adv O B-land_cost O B-agricultural_process_requirement
O O B-agricultural_process_sub_type O O B-agricultural_process_sub_type
O O B-agricultural_process_adv B-agricultural_process_type O O O
O O B-agricultural_process_sub_type B-agricultural_process_type O
O B-agricultural_process_type B-agricultural_process_type B-agricultural_process_adv
O B-agricultural_process_disadv B-agricultural_process_type O B-land_cost
O O O B-agricultural_process_adv O B-land_soil_type B-agricultural_process_type O B-land_soil_type B-land_soil_type
O O O B-agricultural_process_adv O B-agricultural_process_type
O O B-land_soil_type B-land_soil_type O O B-land_soil_type B-land_soil_type
O O B-land_cost O B-land_soil_type O O O B-agricultural_process_sub_type B-agricultural_process_type
O O O O B-agricultural_process_requirement B-agricultural_process_requirement O B-agricultural_process_type O O
O O O O B-agricultural_process_type O O B-agricultural_process_sub_type B-agricultural_process_disadv
O O O B-agricultural_process_type B-agricultural_process_requirement
O O O B-agricultural_process_adv O B-land_soil_type B-agricultural_process_type O B-land_soil_type B-land_soil_type
O O B-agricultural_process_requirement O B-land_soil_type O O O B-land_area O B-land_area
O O B-agrochemical_ingredients O B-agrochemical_type
O B-agrochemical_usecase O B-agrochemical_type
B-agrochemical_shelflife O B-agrochemical_type
O B-agrochemical_ingredients O O O B-agrochemical_type
O O B-agrochemical_usecase B-agrochemical_type
O B-agrochemical_dosage O B-agrochemical_type O O
O O B-agrochemical_type B-agrochemical_usecase
O O O O B-agrochemical_disadv B-agrochemical_ingredients O B-agrochemical_type
O B-agrochemical_type O B-agrochemical_disadv O O
O O B-agrochemical_usecase B-agrochemical_type
O O O O O B-agrochemical_usecase B-agrochemical_type
O O B-agrochemical_type O O O O
O B-agrochemical_dosage B-agrochemical_price O B-agrochemical_type O
O O O B-agrochemical_usecase O B-agrochemical_type
O B-agrochemical_type O O B-agrochemical_usecase O O
O O B-agrochemical_ingredients O O O O B-agrochemical_type B-agrochemical_ingredients B-agrochemical_ingredients
O O B-agrochemical_usecase O B-agrochemical_type
B-agrochemical_adv O O B-agrochemical_usecase B-agrochemical_type
O O O O B-agrochemical_type
O B-agrochemical_ingredients O B-agrochemical_type O O O
O O B-agrochemical_type B-agrochemical_usecase O
O B-agrochemical_type B-agrochemical_price
O O O O B-agrochemical_ingredients O B-agrochemical_type
O O O B-agrochemical_type O O B-agrochemical_price
O B-agrochemical_dosage O B-agrochemical_type B-agrochemical_price
O B-agrochemical_dosage O B-agrochemical_type B-agrochemical_price O O
O B-agrochemical_dosage O B-agrochemical_type B-agrochemical_price
O B-agrochemical_usecase O O O O B-agrochemical_type
O O O B-agrochemical_price O B-agrochemical_type
O O B-agrochemical_price B-agrochemical_price B-agrochemical_type
O B-agrochemical_ingredients O B-agrochemical_type
O O B-agrochemical_type B-agrochemical_usecase O O
O B-agrochemical_type B-agrochemical_usecase B-agrochemical_disadv
O O O O O B-agrochemical_usecase B-agrochemical_type
O B-agrochemical_type O B-agrochemical_ingredients
O B-agrochemical_type
O B-agrochemical_type O B-agrochemical_ingredients
O B-agrochemical_ingredients O B-agrochemical_type
O O O O B-agrochemical_shelflife O B-agrochemical_type
O O B-agrochemical_type B-agrochemical_usecase
O O O B-agrochemical_type B-agrochemical_shelflife
O O B-agrochemical_price B-agrochemical_price B-agrochemical_type
O O B-agrochemical_type O
O O O B-agrochemical_type
O O O B-agrochemical_price O B-agrochemical_type
O B-agrochemical_usecase B-agrochemical_type B-agrochemical_price
B-agrochemical_price O B-agrochemical_type O
O O O B-agrochemical_price B-agrochemical_type
O B-agrochemical_type B-agrochemical_adv O O O
O B-agrochemical_ingredients B-agrochemical_type B-agrochemical_disadv O B-agrochemical_usecase O B-agrochemical_usecase O O B-agrochemical_dosage O O O B-agrochemical_ingredients O O
O O B-agrochemical_type B-agrochemical_usecase B-agrochemical_usecase
O B-agrochemical_type B-agrochemical_usecase O B-agrochemical_usecase B-agrochemical_type
O O B-agrochemical_type B-agrochemical_usecase O
O O O B-agrochemical_price O O B-agrochemical_type O O
O B-agrochemical_type O B-agrochemical_disadv
O B-agrochemical_ingredients O O O B-agrochemical_usecase O B-agrochemical_ingredients O
O O B-agrochemical_type B-agrochemical_usecase O B-agrochemical_usecase O
O O O B-agrochemical_ingredients B-agrochemical_ingredients O B-agrochemical_type
O O O O B-agrochemical_ingredients O B-agrochemical_type
O O O B-agrochemical_price O B-agrochemical_type B-agrochemical_usecase O O B-agrochemical_shelflife
O O O O B-method_subtype B-method_yield
O O O B-method_duration O B-method_type B-method_subtype
O O O O B-method_helpline O B-method_type
O B-method_type O O O O O
O O O O O O B-method_requirements O O B-method_subtype
O O B-method_yield O B-method_type O B-method_adv
O O O B-method_adv B-method_requirements O B-method_duration O
O O O O B-method_requirements O B-method_type O
O O O O O B-method_helpline O O O O B-method_type
O O O B-method_type O
O B-method_duration O O O O B-method_type
O B-method_subtype O O B-method_duration
O O O O B-method_subtype O O B-method_requirements
O B-method_type O O O O
O B-method_subtype O O O O
O O O B-method_requirements O B-method_requirements O B-method_subtype O
O O O B-method_adv O B-method_type O
O B-method_type B-method_requirements O O
O B-method_type O B-method_disadv
O B-method_duration O O O O B-method_subtype O O
O O B-method_subtype O O B-method_requirements
O B-method_type O
O O O B-method_investment_cost O B-method_investment_cost B-method_type O O
O B-method_subtype O B-method_subtype O O B-method_duration O B-method_type O
O O O O O B-method_type B-method_duration O B-method_type
O B-method_subtype O O O O O O B-method_duration O O O B-method_subtype
O O O O O B-method_duration B-method_type O O O
O O O O B-method_type O O
O O B-method_adv O B-method_type O
O O O B-method_requirements O B-method_requirements O B-method_duration B-method_type
O O O B-method_requirements O O B-method_type O
O O O B-method_requirements O B-method_type O O
O B-method_type O B-method_investment_cost B-method_disadv O O
O O O B-method_requirements O O B-method_subtype O
O O B-method_type B-method_type
O O O B-method_requirements B-method_requirements O O O O B-method_type
O O O B-method_helpline O B-method_investment_cost B-method_type O O
O O O O O B-method_type
O O B-method_subtype B-method_type
O O O B-method_requirements O B-method_requirements O B-method_duration B-method_type
O O O O O B-method_type
O O O B-method_requirements O B-method_type O
O O B-method_type O
O B-method_type O O O O O O B-method_requirements
O O O B-method_duration O O O B-method_subtype O
O O O O B-method_subtype B-method_duration O B-method_type
O O O O O B-method_type B-method_requirements B-method_use O O
O O B-method_type O B-method_use B-method_requirements
O B-method_subtype O O O B-method_duration
O O O B-method_helpline O B-method_type
O O O B-method_requirements O B-method_requirements O B-method_duration B-method_subtype
O O B-method_subtype B-method_use O B-method_subtype O
O O B-method_helpline O B-method_type O
O O O O B-method_subtype O O O O O
O O O B-method_requirements B-method_requirements B-method_requirements O B-method_type O
O O O O O B-method_type O B-method_type
O O O O O O O O O
O B-method_duration O O O O B-method_subtype O B-method_duration
O B-method_type B-method_requirements O O
O B-method_subtype O O O B-method_requirements B-method_use
O O O B-animal_type B-animal_cost_price
O O O B-animal_type O O B-animal_reproduction
O O O B-animal_reproduction O O B-animal_type O
O B-animal_type O B-animal_cost_price O B-animal_cost_price
O B-animal_type B-animal_byproduct B-animal_cost_price
O B-animal_type B-animal_reproduction O O O
O O B-animal_type O O B-animal_diet
O O B-animal_type B-animal_diet
O B-animal_type B-animal_byproduct B-animal_byproduct O O B-animal_lifespan
O O B-animal_type O O
O O O O O B-animal_type O O B-animal_type O
O O O B-animal_type O O
O O O B-animal_selling_price O O O B-animal_type
O O O O O B-animal_byproduct
O O O B-animal_selling_price O B-animal_byproduct O
O B-animal_type O O O O
O B-animal_type B-animal_byproduct O B-animal_byproduct
O O B-animal_type B-animal_byproduct
O O O O O O O B-animal_type
O O O O B-animal_reproduction
O O O O B-animal_type B-animal_weight
O O O O O B-animal_type O
O O B-animal_type B-animal_reproduction
O B-animal_type O B-animal_diseases
O O O O B-animal_type B-animal_weight
O O B-animal_selling_price B-animal_selling_price O B-animal_type
O O O B-animal_selling_price B-animal_selling_price O O B-animal_type
O B-animal_type O O O O O O
O O O O O O O O O B-animal_type
O O O B-animal_lifespan O O B-animal_type
O O O B-animal_type B-animal_byproduct B-animal_byproduct
O O O O B-animal_type O
O O B-animal_type O
O O B-animal_type O
O O O B-animal_cost_price
O O O O O B-animal_type O
O B-animal_type B-animal_byproduct O O B-animal_type B-animal_diet
O O B-animal_type B-animal_diet
O B-animal_type B-animal_byproduct O B-animal_cost_price
O O O O O B-animal_byproduct O O
O B-animal_byproduct O O
O B-animal_type O O O B-animal_type O
O O O O O B-animal_type O
O B-animal_type O O O
O B-animal_type B-animal_byproduct O O O
O O O O
O O O B-animal_type O
O O O B-animal_cost_price O O B-animal_type
O B-animal_type O B-animal_cost_price
O O O B-animal_maintenance O O B-animal_type
O O O B-animal_diet
O O O O O O B-animal_byproduct O
O O O O B-animal_type O O
O O O O B-animal_type O
O O B-animal_cost_price O O O B-animal_type O
O O O B-animal_diet B-animal_diseases O O O O
O B-animal_byproduct O B-animal_type
O O O B-animal_type B-animal_reproduction
O O O B-animal_diet O B-animal_type
O O B-animal_byproduct O B-animal_type B-animal_byproduct
O O O O O B-crop_name O O
O O O O O B-crop_name
O O B-crop_growth_time O O
O O B-crop_name O O O O O O
O O B-crop_name O B-crop_cost_price
O O O O O O O
O B-crop_rainfall O O B-crop_growth_time B-crop_name
O O B-crop_cost_price O O B-crop_growth_time B-crop_name
O B-crop_growth_time O B-crop_name O O O
O O O B-crop_growth_time O B-crop_name O
O O B-crop_selling_price B-crop_rainfall
O B-crop_name O O B-crop_weather O B-crop_growth_time
O O O O O O B-crop_growth_time O
O O O O B-crop_cost_price O O B-crop_name
O O O O B-crop_selling_price O
O B-crop_soil_type O O O B-crop_growth_time O
O O O O O O O B-crop_growth_time O
O O O B-crop_growth_time O O
O O O O O O B-crop_name
O O B-crop_cost_price O O O O B-crop_growth_time B-crop_name
O B-crop_rainfall O O O O
O O O O B-crop_growth_time O O O O O
O O O O O O B-crop_name
O O O B-crop_cost_price B-crop_name O B-crop_growth_time O B-crop_name
O O B-crop_selling_price O B-crop_name
O B-crop_growth_time B-crop_name O O O
O O B-crop_name O O B-crop_growth_time O O
O O O B-crop_growth_time O O
O O B-crop_name O
O B-crop_name B-crop_growth_time O B-crop_humidity B-crop_weather
O O B-crop_soil_type O O O O B-crop_growth_time
O O O O B-crop_growth_time O O O
O O O B-crop_name
O O O O O O
O O O O O O B-crop_selling_price B-crop_rainfall
O O O O O O
O O O O B-crop_name O O B-crop_growth_time
O O B-crop_temperature O O B-crop_growth_time O
O O O O O O O B-crop_name O
O B-crop_name O B-crop_growth_time O O O
O O O O B-crop_temperature O B-crop_name
O B-crop_soil_type O O O B-crop_growth_time O O
O O O B-crop_growth_time O O O
O O O O B-crop_growth_time O O B-crop_name
O O O O B-crop_growth_time O O B-crop_rainfall
O O O O O O O O
O B-crop_name O O O
O B-crop_soil_type B-crop_soil_type O O B-crop_name O
O O O O O O B-crop_rainfall
O B-crop_name O O B-crop_growth_time O O
O O O O O O
O B-crop_rainfall O O B-crop_growth_time O O
O O O O B-crop_name O O O O O O
O O O O O O O B-crop_name
O O O B-crop_rainfall O
O O O O B-crop_selling_price B-crop_name
O O O O O B-crop_growth_time O O
O B-crop_growth_time B-crop_name B-crop_cost_price
O O B-crop_name O B-crop_cost_price
O B-crop_name O O B-crop_growth_time O O